2026-08-06T01:47:41.600+07:00  INFO   --- [main] t.c.s.AnnotationConfigContextLoaderUtils : Could not detect default configuration classes for test class [com.thinhbqt.enotes_api_service.EnotesApiServiceApplicationTests]: EnotesApiServiceApplicationTests does not declare any static, non-private, non-final, nested classes annotated with @Configuration.
2026-08-06T01:47:41.756+07:00  INFO   --- [main] .b.t.c.SpringBootTestContextBootstrapper : Found @SpringBootConfiguration com.thinhbqt.enotes_api_service.EnotesApiServiceApplication for test class com.thinhbqt.enotes_api_service.EnotesApiServiceApplicationTests
2026-08-06T01:47:41.984+07:00  INFO   --- [main] o.s.b.d.r.RestartApplicationListener     : Restart disabled due to context in which it is running
2026-08-06T01:47:42.322+07:00  INFO 5488 --- [enotes-api-service] [main] c.t.e.EnotesApiServiceApplicationTests   : Starting EnotesApiServiceApplicationTests using Java 17.0.19 with PID 5488 (started by Admin in D:\Personal Project\enotes-api-service\enotes-api-service)
2026-08-06T01:47:42.323+07:00  INFO 5488 --- [enotes-api-service] [main] c.t.e.EnotesApiServiceApplicationTests   : The following 2 profiles are active: "local", "dev"
2026-08-06T01:47:43.808+07:00  INFO 5488 --- [enotes-api-service] [main] .s.d.r.c.RepositoryConfigurationDelegate : Bootstrapping Spring Data JPA repositories in DEFAULT mode.
2026-08-06T01:47:43.925+07:00  INFO 5488 --- [enotes-api-service] [main] .s.d.r.c.RepositoryConfigurationDelegate : Finished Spring Data repository scanning in 108 ms. Found 7 JPA repository interfaces.
2026-08-06T01:47:44.659+07:00  INFO 5488 --- [enotes-api-service] [main] o.hibernate.jpa.internal.util.LogHelper  : HHH000204: Processing PersistenceUnitInfo [name: default]
2026-08-06T01:47:44.747+07:00  INFO 5488 --- [enotes-api-service] [main] org.hibernate.Version                    : HHH000412: Hibernate ORM core version 6.4.4.Final
2026-08-06T01:47:44.803+07:00  INFO 5488 --- [enotes-api-service] [main] o.h.c.internal.RegionFactoryInitiator    : HHH000026: Second-level cache disabled
2026-08-06T01:47:45.121+07:00  INFO 5488 --- [enotes-api-service] [main] o.s.o.j.p.SpringPersistenceUnitInfo      : No LoadTimeWeaver setup: ignoring JPA class transformer
2026-08-06T01:47:45.152+07:00  INFO 5488 --- [enotes-api-service] [main] com.zaxxer.hikari.HikariDataSource       : HikariPool-1 - Starting...
2026-08-06T01:47:45.353+07:00  INFO 5488 --- [enotes-api-service] [main] com.zaxxer.hikari.pool.HikariPool        : HikariPool-1 - Added connection com.mysql.cj.jdbc.ConnectionImpl@3199a202
2026-08-06T01:47:45.356+07:00  INFO 5488 --- [enotes-api-service] [main] com.zaxxer.hikari.HikariDataSource       : HikariPool-1 - Start completed.
2026-08-06T01:47:46.839+07:00  INFO 5488 --- [enotes-api-service] [main] o.h.e.t.j.p.i.JtaPlatformInitiator       : HHH000489: No JTA platform available (set 'hibernate.transaction.jta.platform' to enable JTA platform integration)
2026-08-06T01:47:46.842+07:00  INFO 5488 --- [enotes-api-service] [main] j.LocalContainerEntityManagerFactoryBean : Initialized JPA EntityManagerFactory for persistence unit 'default'
2026-08-06T01:47:47.607+07:00  INFO 5488 --- [enotes-api-service] [main] o.s.d.j.r.query.QueryEnhancerFactory     : Hibernate is in classpath; If applicable, HQL parser will be used.
2026-08-06T01:47:48.663+07:00  WARN 5488 --- [enotes-api-service] [main] JpaBaseConfiguration$JpaWebConfiguration : spring.jpa.open-in-view is enabled by default. Therefore, database queries may be performed during view rendering. Explicitly configure spring.jpa.open-in-view to disable this warning
2026-08-06T01:47:49.106+07:00  INFO 5488 --- [enotes-api-service] [main] o.s.s.web.DefaultSecurityFilterChain     : Will secure any request with [org.springframework.security.web.session.DisableEncodeUrlFilter@545bdccb, org.springframework.security.web.context.request.async.WebAsyncManagerIntegrationFilter@2429992a, org.springframework.security.web.context.SecurityContextHolderFilter@76705ce1, org.springframework.security.web.header.HeaderWriterFilter@1b821a86, org.springframework.web.filter.CorsFilter@419c537, org.springframework.security.web.authentication.logout.LogoutFilter@7826c5ef, com.thinhbqt.enotes_api_service.config.security.JwtFilter@7715d43c, org.springframework.security.web.authentication.www.BasicAuthenticationFilter@2f2be537, org.springframework.security.web.savedrequest.RequestCacheAwareFilter@536e5b21, org.springframework.security.web.servletapi.SecurityContextHolderAwareRequestFilter@794f2bdf, org.springframework.security.web.authentication.AnonymousAuthenticationFilter@a73b3c4, org.springframework.security.web.session.SessionManagementFilter@1328a5de, org.springframework.security.web.access.ExceptionTranslationFilter@53ca202f, org.springframework.security.web.access.intercept.AuthorizationFilter@18870976]
2026-08-06T01:47:49.597+07:00  INFO 5488 --- [enotes-api-service] [main] c.t.e.EnotesApiServiceApplicationTests   : Started EnotesApiServiceApplicationTests in 7.628 seconds (process running for 9.012)
2026-08-06T01:47:50.387+07:00  INFO 5488 --- [enotes-api-service] [SpringApplicationShutdownHook] j.LocalContainerEntityManagerFactoryBean : Closing JPA EntityManagerFactory for persistence unit 'default'
2026-08-06T01:47:50.391+07:00  INFO 5488 --- [enotes-api-service] [SpringApplicationShutdownHook] com.zaxxer.hikari.HikariDataSource       : HikariPool-1 - Shutdown initiated...
2026-08-06T01:47:50.402+07:00  INFO 5488 --- [enotes-api-service] [SpringApplicationShutdownHook] com.zaxxer.hikari.HikariDataSource       : HikariPool-1 - Shutdown completed.
2026-08-06T01:52:24.907+07:00  INFO   --- [main] t.c.s.AnnotationConfigContextLoaderUtils : Could not detect default configuration classes for test class [com.thinhbqt.enotes_api_service.EnotesApiServiceApplicationTests]: EnotesApiServiceApplicationTests does not declare any static, non-private, non-final, nested classes annotated with @Configuration.
2026-08-06T01:52:25.066+07:00  INFO   --- [main] .b.t.c.SpringBootTestContextBootstrapper : Found @SpringBootConfiguration com.thinhbqt.enotes_api_service.EnotesApiServiceApplication for test class com.thinhbqt.enotes_api_service.EnotesApiServiceApplicationTests
2026-08-06T01:52:25.283+07:00  INFO   --- [main] o.s.b.d.r.RestartApplicationListener     : Restart disabled due to context in which it is running
2026-08-06T01:52:25.629+07:00  INFO 13776 --- [enotes-api-service] [main] c.t.e.EnotesApiServiceApplicationTests   : Starting EnotesApiServiceApplicationTests using Java 17.0.19 with PID 13776 (started by Admin in D:\Personal Project\enotes-api-service\enotes-api-service)
2026-08-06T01:52:25.631+07:00  INFO 13776 --- [enotes-api-service] [main] c.t.e.EnotesApiServiceApplicationTests   : The following 2 profiles are active: "local", "dev"
2026-08-06T01:52:26.992+07:00  INFO 13776 --- [enotes-api-service] [main] .s.d.r.c.RepositoryConfigurationDelegate : Bootstrapping Spring Data JPA repositories in DEFAULT mode.
2026-08-06T01:52:27.129+07:00  INFO 13776 --- [enotes-api-service] [main] .s.d.r.c.RepositoryConfigurationDelegate : Finished Spring Data repository scanning in 126 ms. Found 7 JPA repository interfaces.
2026-08-06T01:52:27.813+07:00  INFO 13776 --- [enotes-api-service] [main] o.hibernate.jpa.internal.util.LogHelper  : HHH000204: Processing PersistenceUnitInfo [name: default]
2026-08-06T01:52:27.893+07:00  INFO 13776 --- [enotes-api-service] [main] org.hibernate.Version                    : HHH000412: Hibernate ORM core version 6.4.4.Final
2026-08-06T01:52:27.943+07:00  INFO 13776 --- [enotes-api-service] [main] o.h.c.internal.RegionFactoryInitiator    : HHH000026: Second-level cache disabled
2026-08-06T01:52:28.274+07:00  INFO 13776 --- [enotes-api-service] [main] o.s.o.j.p.SpringPersistenceUnitInfo      : No LoadTimeWeaver setup: ignoring JPA class transformer
2026-08-06T01:52:28.309+07:00  INFO 13776 --- [enotes-api-service] [main] com.zaxxer.hikari.HikariDataSource       : HikariPool-1 - Starting...
2026-08-06T01:52:28.520+07:00  INFO 13776 --- [enotes-api-service] [main] com.zaxxer.hikari.pool.HikariPool        : HikariPool-1 - Added connection com.mysql.cj.jdbc.ConnectionImpl@1c815814
2026-08-06T01:52:28.523+07:00  INFO 13776 --- [enotes-api-service] [main] com.zaxxer.hikari.HikariDataSource       : HikariPool-1 - Start completed.
2026-08-06T01:52:30.667+07:00  INFO 13776 --- [enotes-api-service] [main] o.h.e.t.j.p.i.JtaPlatformInitiator       : HHH000489: No JTA platform available (set 'hibernate.transaction.jta.platform' to enable JTA platform integration)
2026-08-06T01:52:30.671+07:00  INFO 13776 --- [enotes-api-service] [main] j.LocalContainerEntityManagerFactoryBean : Initialized JPA EntityManagerFactory for persistence unit 'default'
2026-08-06T01:52:31.689+07:00  INFO 13776 --- [enotes-api-service] [main] o.s.d.j.r.query.QueryEnhancerFactory     : Hibernate is in classpath; If applicable, HQL parser will be used.
2026-08-06T01:52:32.793+07:00  WARN 13776 --- [enotes-api-service] [main] JpaBaseConfiguration$JpaWebConfiguration : spring.jpa.open-in-view is enabled by default. Therefore, database queries may be performed during view rendering. Explicitly configure spring.jpa.open-in-view to disable this warning
2026-08-06T01:52:33.247+07:00  INFO 13776 --- [enotes-api-service] [main] o.s.s.web.DefaultSecurityFilterChain     : Will secure any request with [org.springframework.security.web.session.DisableEncodeUrlFilter@73b669b5, org.springframework.security.web.context.request.async.WebAsyncManagerIntegrationFilter@332c3e71, org.springframework.security.web.context.SecurityContextHolderFilter@38dc322d, org.springframework.security.web.header.HeaderWriterFilter@76705ce1, org.springframework.web.filter.CorsFilter@1cc73bb1, org.springframework.security.web.authentication.logout.LogoutFilter@1dba3c62, com.thinhbqt.enotes_api_service.config.security.JwtFilter@345d4ecb, org.springframework.security.web.authentication.www.BasicAuthenticationFilter@58830b31, org.springframework.security.web.savedrequest.RequestCacheAwareFilter@444456cb, org.springframework.security.web.servletapi.SecurityContextHolderAwareRequestFilter@599fde55, org.springframework.security.web.authentication.AnonymousAuthenticationFilter@7782b3c5, org.springframework.security.web.session.SessionManagementFilter@7de47f81, org.springframework.security.web.access.ExceptionTranslationFilter@4426f362, org.springframework.security.web.access.intercept.AuthorizationFilter@12d658c0]
2026-08-06T01:52:33.793+07:00  INFO 13776 --- [enotes-api-service] [main] c.t.e.EnotesApiServiceApplicationTests   : Started EnotesApiServiceApplicationTests in 8.525 seconds (process running for 9.841)
2026-08-06T01:52:34.423+07:00  INFO 13776 --- [enotes-api-service] [SpringApplicationShutdownHook] j.LocalContainerEntityManagerFactoryBean : Closing JPA EntityManagerFactory for persistence unit 'default'
2026-08-06T01:52:34.425+07:00  INFO 13776 --- [enotes-api-service] [SpringApplicationShutdownHook] com.zaxxer.hikari.HikariDataSource       : HikariPool-1 - Shutdown initiated...
2026-08-06T01:52:34.432+07:00  INFO 13776 --- [enotes-api-service] [SpringApplicationShutdownHook] com.zaxxer.hikari.HikariDataSource       : HikariPool-1 - Shutdown completed.
2026-08-06T01:59:59.255+07:00  INFO   --- [main] t.c.s.AnnotationConfigContextLoaderUtils : Could not detect default configuration classes for test class [com.thinhbqt.enotes_api_service.EnotesApiServiceApplicationTests]: EnotesApiServiceApplicationTests does not declare any static, non-private, non-final, nested classes annotated with @Configuration.
2026-08-06T01:59:59.386+07:00  INFO   --- [main] .b.t.c.SpringBootTestContextBootstrapper : Found @SpringBootConfiguration com.thinhbqt.enotes_api_service.EnotesApiServiceApplication for test class com.thinhbqt.enotes_api_service.EnotesApiServiceApplicationTests
2026-08-06T01:59:59.622+07:00  INFO   --- [main] o.s.b.d.r.RestartApplicationListener     : Restart disabled due to context in which it is running
2026-08-06T01:59:59.978+07:00  INFO 7276 --- [enotes-api-service] [main] c.t.e.EnotesApiServiceApplicationTests   : Starting EnotesApiServiceApplicationTests using Java 17.0.19 with PID 7276 (started by Admin in D:\Personal Project\enotes-api-service\enotes-api-service)
2026-08-06T01:59:59.980+07:00  INFO 7276 --- [enotes-api-service] [main] c.t.e.EnotesApiServiceApplicationTests   : The following 2 profiles are active: "local", "dev"
2026-08-06T02:00:01.205+07:00  INFO 7276 --- [enotes-api-service] [main] .s.d.r.c.RepositoryConfigurationDelegate : Bootstrapping Spring Data JPA repositories in DEFAULT mode.
2026-08-06T02:00:01.336+07:00  INFO 7276 --- [enotes-api-service] [main] .s.d.r.c.RepositoryConfigurationDelegate : Finished Spring Data repository scanning in 122 ms. Found 7 JPA repository interfaces.
2026-08-06T02:00:02.002+07:00  INFO 7276 --- [enotes-api-service] [main] o.hibernate.jpa.internal.util.LogHelper  : HHH000204: Processing PersistenceUnitInfo [name: default]
2026-08-06T02:00:02.073+07:00  INFO 7276 --- [enotes-api-service] [main] org.hibernate.Version                    : HHH000412: Hibernate ORM core version 6.4.4.Final
2026-08-06T02:00:02.118+07:00  INFO 7276 --- [enotes-api-service] [main] o.h.c.internal.RegionFactoryInitiator    : HHH000026: Second-level cache disabled
2026-08-06T02:00:02.414+07:00  INFO 7276 --- [enotes-api-service] [main] o.s.o.j.p.SpringPersistenceUnitInfo      : No LoadTimeWeaver setup: ignoring JPA class transformer
2026-08-06T02:00:02.444+07:00  INFO 7276 --- [enotes-api-service] [main] com.zaxxer.hikari.HikariDataSource       : HikariPool-1 - Starting...
2026-08-06T02:00:02.625+07:00  INFO 7276 --- [enotes-api-service] [main] com.zaxxer.hikari.pool.HikariPool        : HikariPool-1 - Added connection com.mysql.cj.jdbc.ConnectionImpl@2ef913a4
2026-08-06T02:00:02.627+07:00  INFO 7276 --- [enotes-api-service] [main] com.zaxxer.hikari.HikariDataSource       : HikariPool-1 - Start completed.
2026-08-06T02:00:03.913+07:00  INFO 7276 --- [enotes-api-service] [main] o.h.e.t.j.p.i.JtaPlatformInitiator       : HHH000489: No JTA platform available (set 'hibernate.transaction.jta.platform' to enable JTA platform integration)
2026-08-06T02:00:03.917+07:00  INFO 7276 --- [enotes-api-service] [main] j.LocalContainerEntityManagerFactoryBean : Initialized JPA EntityManagerFactory for persistence unit 'default'
2026-08-06T02:00:04.623+07:00  INFO 7276 --- [enotes-api-service] [main] o.s.d.j.r.query.QueryEnhancerFactory     : Hibernate is in classpath; If applicable, HQL parser will be used.
2026-08-06T02:00:05.612+07:00  WARN 7276 --- [enotes-api-service] [main] JpaBaseConfiguration$JpaWebConfiguration : spring.jpa.open-in-view is enabled by default. Therefore, database queries may be performed during view rendering. Explicitly configure spring.jpa.open-in-view to disable this warning
2026-08-06T02:00:06.052+07:00  INFO 7276 --- [enotes-api-service] [main] o.s.s.web.DefaultSecurityFilterChain     : Will secure any request with [org.springframework.security.web.session.DisableEncodeUrlFilter@a73b3c4, org.springframework.security.web.context.request.async.WebAsyncManagerIntegrationFilter@c49bc5, org.springframework.security.web.context.SecurityContextHolderFilter@794f2bdf, org.springframework.security.web.header.HeaderWriterFilter@5e491535, org.springframework.web.filter.CorsFilter@68cca23e, org.springframework.security.web.authentication.logout.LogoutFilter@77f4742b, com.thinhbqt.enotes_api_service.config.security.JwtFilter@2cc82c83, org.springframework.security.web.authentication.www.BasicAuthenticationFilter@545bdccb, org.springframework.security.web.savedrequest.RequestCacheAwareFilter@2d21fa63, org.springframework.security.web.servletapi.SecurityContextHolderAwareRequestFilter@c370bb5, org.springframework.security.web.authentication.AnonymousAuthenticationFilter@22b6e26d, org.springframework.security.web.session.SessionManagementFilter@76705ce1, org.springframework.security.web.access.ExceptionTranslationFilter@e7e6e94, org.springframework.security.web.access.intercept.AuthorizationFilter@1dba3c62]
2026-08-06T02:00:06.597+07:00  INFO 7276 --- [enotes-api-service] [main] c.t.e.EnotesApiServiceApplicationTests   : Started EnotesApiServiceApplicationTests in 6.992 seconds (process running for 8.226)
2026-08-06T02:00:07.268+07:00  INFO 7276 --- [enotes-api-service] [SpringApplicationShutdownHook] j.LocalContainerEntityManagerFactoryBean : Closing JPA EntityManagerFactory for persistence unit 'default'
2026-08-06T02:00:07.270+07:00  INFO 7276 --- [enotes-api-service] [SpringApplicationShutdownHook] com.zaxxer.hikari.HikariDataSource       : HikariPool-1 - Shutdown initiated...
2026-08-06T02:00:07.282+07:00  INFO 7276 --- [enotes-api-service] [SpringApplicationShutdownHook] com.zaxxer.hikari.HikariDataSource       : HikariPool-1 - Shutdown completed.
2026-08-06T02:04:23.989+07:00  INFO   --- [main] t.c.s.AnnotationConfigContextLoaderUtils : Could not detect default configuration classes for test class [com.thinhbqt.enotes_api_service.EnotesApiServiceApplicationTests]: EnotesApiServiceApplicationTests does not declare any static, non-private, non-final, nested classes annotated with @Configuration.
2026-08-06T02:04:24.134+07:00  INFO   --- [main] .b.t.c.SpringBootTestContextBootstrapper : Found @SpringBootConfiguration com.thinhbqt.enotes_api_service.EnotesApiServiceApplication for test class com.thinhbqt.enotes_api_service.EnotesApiServiceApplicationTests
2026-08-06T02:04:24.404+07:00  INFO   --- [main] o.s.b.d.r.RestartApplicationListener     : Restart disabled due to context in which it is running
2026-08-06T02:04:24.797+07:00  INFO 12608 --- [enotes-api-service] [main] c.t.e.EnotesApiServiceApplicationTests   : Starting EnotesApiServiceApplicationTests using Java 17.0.19 with PID 12608 (started by Admin in D:\Personal Project\enotes-api-service\enotes-api-service)
2026-08-06T02:04:24.800+07:00  INFO 12608 --- [enotes-api-service] [main] c.t.e.EnotesApiServiceApplicationTests   : The following 2 profiles are active: "local", "dev"
2026-08-06T02:04:26.085+07:00  INFO 12608 --- [enotes-api-service] [main] .s.d.r.c.RepositoryConfigurationDelegate : Bootstrapping Spring Data JPA repositories in DEFAULT mode.
2026-08-06T02:04:26.195+07:00  INFO 12608 --- [enotes-api-service] [main] .s.d.r.c.RepositoryConfigurationDelegate : Finished Spring Data repository scanning in 100 ms. Found 7 JPA repository interfaces.
2026-08-06T02:04:26.909+07:00  INFO 12608 --- [enotes-api-service] [main] o.hibernate.jpa.internal.util.LogHelper  : HHH000204: Processing PersistenceUnitInfo [name: default]
2026-08-06T02:04:26.975+07:00  INFO 12608 --- [enotes-api-service] [main] org.hibernate.Version                    : HHH000412: Hibernate ORM core version 6.4.4.Final
2026-08-06T02:04:27.018+07:00  INFO 12608 --- [enotes-api-service] [main] o.h.c.internal.RegionFactoryInitiator    : HHH000026: Second-level cache disabled
2026-08-06T02:04:27.327+07:00  INFO 12608 --- [enotes-api-service] [main] o.s.o.j.p.SpringPersistenceUnitInfo      : No LoadTimeWeaver setup: ignoring JPA class transformer
2026-08-06T02:04:27.358+07:00  INFO 12608 --- [enotes-api-service] [main] com.zaxxer.hikari.HikariDataSource       : HikariPool-1 - Starting...
2026-08-06T02:04:27.538+07:00  INFO 12608 --- [enotes-api-service] [main] com.zaxxer.hikari.pool.HikariPool        : HikariPool-1 - Added connection com.mysql.cj.jdbc.ConnectionImpl@6e67a8c0
2026-08-06T02:04:27.541+07:00  INFO 12608 --- [enotes-api-service] [main] com.zaxxer.hikari.HikariDataSource       : HikariPool-1 - Start completed.
2026-08-06T02:04:28.890+07:00  INFO 12608 --- [enotes-api-service] [main] o.h.e.t.j.p.i.JtaPlatformInitiator       : HHH000489: No JTA platform available (set 'hibernate.transaction.jta.platform' to enable JTA platform integration)
2026-08-06T02:04:28.893+07:00  INFO 12608 --- [enotes-api-service] [main] j.LocalContainerEntityManagerFactoryBean : Initialized JPA EntityManagerFactory for persistence unit 'default'
2026-08-06T02:04:29.645+07:00  INFO 12608 --- [enotes-api-service] [main] o.s.d.j.r.query.QueryEnhancerFactory     : Hibernate is in classpath; If applicable, HQL parser will be used.
2026-08-06T02:04:30.649+07:00  WARN 12608 --- [enotes-api-service] [main] JpaBaseConfiguration$JpaWebConfiguration : spring.jpa.open-in-view is enabled by default. Therefore, database queries may be performed during view rendering. Explicitly configure spring.jpa.open-in-view to disable this warning
2026-08-06T02:04:31.069+07:00  INFO 12608 --- [enotes-api-service] [main] o.s.s.web.DefaultSecurityFilterChain     : Will secure any request with [org.springframework.security.web.session.DisableEncodeUrlFilter@11f237b3, org.springframework.security.web.context.request.async.WebAsyncManagerIntegrationFilter@1c22aae1, org.springframework.security.web.context.SecurityContextHolderFilter@66da2007, org.springframework.security.web.header.HeaderWriterFilter@7b8058e0, org.springframework.web.filter.CorsFilter@9129682, org.springframework.security.web.authentication.logout.LogoutFilter@663b3ab0, com.thinhbqt.enotes_api_service.config.security.JwtFilter@2e68bd3d, org.springframework.security.web.authentication.www.BasicAuthenticationFilter@68cca23e, org.springframework.security.web.savedrequest.RequestCacheAwareFilter@7054edda, org.springframework.security.web.servletapi.SecurityContextHolderAwareRequestFilter@4a09a4df, org.springframework.security.web.authentication.AnonymousAuthenticationFilter@58cce034, org.springframework.security.web.session.SessionManagementFilter@2d21fa63, org.springframework.security.web.access.ExceptionTranslationFilter@1b06e304, org.springframework.security.web.access.intercept.AuthorizationFilter@198f7c5f]
2026-08-06T02:04:31.645+07:00  INFO 12608 --- [enotes-api-service] [main] c.t.e.EnotesApiServiceApplicationTests   : Started EnotesApiServiceApplicationTests in 7.258 seconds (process running for 8.611)
2026-08-06T02:04:32.285+07:00  INFO 12608 --- [enotes-api-service] [SpringApplicationShutdownHook] j.LocalContainerEntityManagerFactoryBean : Closing JPA EntityManagerFactory for persistence unit 'default'
2026-08-06T02:04:32.287+07:00  INFO 12608 --- [enotes-api-service] [SpringApplicationShutdownHook] com.zaxxer.hikari.HikariDataSource       : HikariPool-1 - Shutdown initiated...
2026-08-06T02:04:32.295+07:00  INFO 12608 --- [enotes-api-service] [SpringApplicationShutdownHook] com.zaxxer.hikari.HikariDataSource       : HikariPool-1 - Shutdown completed.
