2026-08-04T00:57:31.951+07:00  INFO 2496 --- [enotes-api-service] [restartedMain] c.t.e.EnotesApiServiceApplication        : Starting EnotesApiServiceApplication using Java 17.0.19 with PID 2496 (D:\Personal Project\enotes-api-service\enotes-api-service\target\classes started by Admin in D:\Personal Project\enotes-api-service)
2026-08-04T00:57:31.951+07:00  INFO 2496 --- [enotes-api-service] [restartedMain] c.t.e.EnotesApiServiceApplication        : The following 2 profiles are active: "local", "dev"
2026-08-04T00:57:32.051+07:00  INFO 2496 --- [enotes-api-service] [restartedMain] .e.DevToolsPropertyDefaultsPostProcessor : Devtools property defaults active! Set 'spring.devtools.add-properties' to 'false' to disable
2026-08-04T00:57:32.072+07:00  INFO 2496 --- [enotes-api-service] [restartedMain] .e.DevToolsPropertyDefaultsPostProcessor : For additional web related logging consider setting the 'logging.level.web' property to 'DEBUG'
2026-08-04T00:57:33.574+07:00  INFO 2496 --- [enotes-api-service] [restartedMain] .s.d.r.c.RepositoryConfigurationDelegate : Bootstrapping Spring Data JPA repositories in DEFAULT mode.
2026-08-04T00:57:33.700+07:00  INFO 2496 --- [enotes-api-service] [restartedMain] .s.d.r.c.RepositoryConfigurationDelegate : Finished Spring Data repository scanning in 107 ms. Found 7 JPA repository interfaces.
2026-08-04T00:57:34.700+07:00  INFO 2496 --- [enotes-api-service] [restartedMain] o.s.b.w.embedded.tomcat.TomcatWebServer  : Tomcat initialized with port 8080 (http)
2026-08-04T00:57:34.716+07:00  INFO 2496 --- [enotes-api-service] [restartedMain] o.apache.catalina.core.StandardService   : Starting service [Tomcat]
2026-08-04T00:57:34.716+07:00  INFO 2496 --- [enotes-api-service] [restartedMain] o.apache.catalina.core.StandardEngine    : Starting Servlet engine: [Apache Tomcat/10.1.19]
2026-08-04T00:57:34.845+07:00  INFO 2496 --- [enotes-api-service] [restartedMain] o.a.c.c.C.[Tomcat].[localhost].[/]       : Initializing Spring embedded WebApplicationContext
2026-08-04T00:57:34.845+07:00  INFO 2496 --- [enotes-api-service] [restartedMain] w.s.c.ServletWebServerApplicationContext : Root WebApplicationContext: initialization completed in 2773 ms
2026-08-04T00:57:35.089+07:00  INFO 2496 --- [enotes-api-service] [restartedMain] o.hibernate.jpa.internal.util.LogHelper  : HHH000204: Processing PersistenceUnitInfo [name: default]
2026-08-04T00:57:35.180+07:00  INFO 2496 --- [enotes-api-service] [restartedMain] org.hibernate.Version                    : HHH000412: Hibernate ORM core version 6.4.4.Final
2026-08-04T00:57:35.241+07:00  INFO 2496 --- [enotes-api-service] [restartedMain] o.h.c.internal.RegionFactoryInitiator    : HHH000026: Second-level cache disabled
2026-08-04T00:57:35.518+07:00  INFO 2496 --- [enotes-api-service] [restartedMain] o.s.o.j.p.SpringPersistenceUnitInfo      : No LoadTimeWeaver setup: ignoring JPA class transformer
2026-08-04T00:57:35.566+07:00  INFO 2496 --- [enotes-api-service] [restartedMain] com.zaxxer.hikari.HikariDataSource       : HikariPool-1 - Starting...
2026-08-04T00:57:35.774+07:00  INFO 2496 --- [enotes-api-service] [restartedMain] com.zaxxer.hikari.pool.HikariPool        : HikariPool-1 - Added connection com.mysql.cj.jdbc.ConnectionImpl@3b4e0c35
2026-08-04T00:57:35.774+07:00  INFO 2496 --- [enotes-api-service] [restartedMain] com.zaxxer.hikari.HikariDataSource       : HikariPool-1 - Start completed.
2026-08-04T00:57:37.369+07:00  INFO 2496 --- [enotes-api-service] [restartedMain] o.h.e.t.j.p.i.JtaPlatformInitiator       : HHH000489: No JTA platform available (set 'hibernate.transaction.jta.platform' to enable JTA platform integration)
2026-08-04T00:57:37.373+07:00  INFO 2496 --- [enotes-api-service] [restartedMain] j.LocalContainerEntityManagerFactoryBean : Initialized JPA EntityManagerFactory for persistence unit 'default'
2026-08-04T00:57:38.140+07:00  INFO 2496 --- [enotes-api-service] [restartedMain] o.s.d.j.r.query.QueryEnhancerFactory     : Hibernate is in classpath; If applicable, HQL parser will be used.
2026-08-04T00:57:39.233+07:00  WARN 2496 --- [enotes-api-service] [restartedMain] JpaBaseConfiguration$JpaWebConfiguration : spring.jpa.open-in-view is enabled by default. Therefore, database queries may be performed during view rendering. Explicitly configure spring.jpa.open-in-view to disable this warning
2026-08-04T00:57:39.617+07:00  INFO 2496 --- [enotes-api-service] [restartedMain] o.s.s.web.DefaultSecurityFilterChain     : Will secure any request with [org.springframework.security.web.session.DisableEncodeUrlFilter@793862b0, org.springframework.security.web.context.request.async.WebAsyncManagerIntegrationFilter@63cba39c, org.springframework.security.web.context.SecurityContextHolderFilter@15e41e4b, org.springframework.security.web.header.HeaderWriterFilter@3e860012, org.springframework.web.filter.CorsFilter@b81ce59, org.springframework.security.web.authentication.logout.LogoutFilter@590bcb42, com.thinhbqt.enotes_api_service.config.security.JwtFilter@31a3fe00, org.springframework.security.web.authentication.www.BasicAuthenticationFilter@18d0472c, org.springframework.security.web.savedrequest.RequestCacheAwareFilter@2f3107b4, org.springframework.security.web.servletapi.SecurityContextHolderAwareRequestFilter@2c22b059, org.springframework.security.web.authentication.AnonymousAuthenticationFilter@41a277df, org.springframework.security.web.session.SessionManagementFilter@1b2d80da, org.springframework.security.web.access.ExceptionTranslationFilter@69420fe0, org.springframework.security.web.access.intercept.AuthorizationFilter@560d19d5]
2026-08-04T00:57:39.930+07:00  INFO 2496 --- [enotes-api-service] [restartedMain] o.s.b.d.a.OptionalLiveReloadServer       : LiveReload server is running on port 35729
2026-08-04T00:57:39.987+07:00  INFO 2496 --- [enotes-api-service] [restartedMain] o.s.b.w.embedded.tomcat.TomcatWebServer  : Tomcat started on port 8080 (http) with context path ''
2026-08-04T00:57:40.015+07:00  INFO 2496 --- [enotes-api-service] [restartedMain] c.t.e.EnotesApiServiceApplication        : Started EnotesApiServiceApplication in 8.606 seconds (process running for 9.406)
